File1.txt

Git is a mature, actively maintained open source project originally developed in 2005 by Linus Torvalds, the famous creator of the Linux operating system kernel.

A staggering number of software projects rely on Git for version control, including commercial projects as well as open source. Developers who have worked with Git are well represented in the pool of available software development talent and it works well on a wide range of operating systems and IDEs (Integrated Development Environments).

File2.txt

GitHub is a cloud-based platform where you can store, share, and work together with others to write code.

Storing your code in a "repository" on GitHub allows you to:

Showcase or share your work.
Track and manage changes to your code over time.
Let others review your code, and make suggestions to improve it.
Collaborate on a shared project, without worrying that your changes will impact the work of your collaborators before you're ready to integrate them.
Collaborative working, one of GitHub’s fundamental features, is made possible by the open-source software, Git, upon which GitHub is built.

Terminal Code :

PS D:\Third Year Sem-VI\WAD\Assignment 2a> git --version
git version 2.42.0.windows.2
PS D:\Third Year Sem-VI\WAD\Assignment 2a> git init
Initialized empty Git repository in D:/Third Year Sem-VI/WAD/Assignment 2a/.git/
PS D:\Third Year Sem-VI\WAD\Assignment 2a> git add.
git: 'add.' is not a git command. See 'git --help'.

The most similar command is
        add
PS D:\Third Year Sem-VI\WAD\Assignment 2a> git add .
PS D:\Third Year Sem-VI\WAD\Assignment 2a> git status
On branch master

No commits yet

Changes to be committed:
  (use "git rm --cached <file>..." to unstage)
        new file:   File1.txt

PS D:\Third Year Sem-VI\WAD\Assignment 2a> git remote add origin "https://github.com/Roma-051003/WAD_Assignment-2a.git"
PS D:\Third Year Sem-VI\WAD\Assignment 2a> git commit -m "First Commit" 
Author identity unknown

*** Please tell me who you are.

Run

  git config --global user.email "you@example.com"
  git config --global user.name "Your Name"

to set your account's default identity.
Omit --global to set the identity only in this repository.

fatal: unable to auto-detect email address (got 'ADmin@DESKTOP-3C1UJSI.(none)')
PS D:\Third Year Sem-VI\WAD\Assignment 2a>  git config --global user.email "shubhange.dubey2003@gmail.com"
PS D:\Third Year Sem-VI\WAD\Assignment 2a>   git config --global user.name "Roma-051003"
PS D:\Third Year Sem-VI\WAD\Assignment 2a> git commit -m "First Commit"
[master (root-commit) 5d710e8] First Commit
 1 file changed, 3 insertions(+)
 create mode 100644 File1.txt
PS D:\Third Year Sem-VI\WAD\Assignment 2a> git status
On branch master
nothing to commit, working tree clean
PS D:\Third Year Sem-VI\WAD\Assignment 2a> git push -u origin master
info: please complete authentication in your browser...
Enumerating objects: 3, done.
Counting objects: 100% (3/3), done.
Delta compression using up to 8 threads
Compressing objects: 100% (2/2), done.
Writing objects: 100% (3/3), 514 bytes | 514.00 KiB/s, done.
Total 3 (delta 0), reused 0 (delta 0), pack-reused 0
To https://github.com/Roma-051003/WAD_Assignment-2a.git
 * [new branch]      master -> master
branch 'master' set up to track 'origin/master'.
PS D:\Third Year Sem-VI\WAD\Assignment 2a> git status
On branch master
Your branch is up to date with 'origin/master'.

Untracked files:
  (use "git add <file>..." to include in what will be committed)
        File2.txt

nothing added to commit but untracked files present (use "git add" to track)
PS D:\Third Year Sem-VI\WAD\Assignment 2a> git add .
PS D:\Third Year Sem-VI\WAD\Assignment 2a> git status
On branch master
Your branch is up to date with 'origin/master'.

Changes to be committed:
  (use "git restore --staged <file>..." to unstage)
        new file:   File2.txt

PS D:\Third Year Sem-VI\WAD\Assignment 2a> git commit -m "Second Commit"
[master bfa69ca] Second Commit
 1 file changed, 9 insertions(+)
 create mode 100644 File2.txt
PS D:\Third Year Sem-VI\WAD\Assignment 2a> git push -u origin master
Enumerating objects: 4, done.
Counting objects: 100% (4/4), done.
Delta compression using up to 8 threads
Compressing objects: 100% (3/3), done.
Writing objects: 100% (3/3), 627 bytes | 627.00 KiB/s, done.
Total 3 (delta 0), reused 0 (delta 0), pack-reused 0
To https://github.com/Roma-051003/WAD_Assignment-2a.git
   5d710e8..bfa69ca  master -> master
branch 'master' set up to track 'origin/master'.
PS D:\Third Year Sem-VI\WAD\Assignment 2a>